// Jest Snapshot v1, https://goo.gl/fbAQLP

exports[`VoiceSearch Rendering renders markup without state 1`] = `
<ng-component
  testedWidget={[Function NgAisVoiceSearch]}
>
  <ais-instantsearch>
    <ais-voice-search>
      <div
        class="ais-VoiceSearch"
      >
        <button
          class="ais-VoiceSearch-button"
          disabled=""
          title="Search by voice (not supported on this browser)"
          type="button"
        >
          
          <svg
            fill="none"
            height="16"
            stroke="currentColor"
            strokeLinecap="round"
            strokeLinejoin="round"
            strokeWidth="2"
            viewBox="0 0 24 24"
            width="16"
            xmlns="http://www.w3.org/2000/svg"
          >
            
            <path
              d="M12 1a3 3 0 0 0-3 3v8a3 3 0 0 0 6 0V4a3 3 0 0 0-3-3z"
              fill="none"
            />
            <path
              d="M19 10v2a7 7 0 0 1-14 0v-2"
            />
            <line
              x1="12"
              x2="12"
              y1="19"
              y2="23"
            />
            <line
              x1="8"
              x2="16"
              y1="23"
              y2="23"
            />
            
            
          </svg>
        </button>
        <div
          class="ais-VoiceSearch-status"
        >
          
          <p>
            
          </p>
        </div>
      </div>
      
      
    </ais-voice-search>
  </ais-instantsearch>
</ng-component>
`;

exports[`VoiceSearch Rendering with custom template for status 1`] = `
<div
  class="ais-VoiceSearch-status"
>
  
  <p>
    status: recognizing
  </p>
  <p>
    errorCode: 
  </p>
  <p>
    isListening: true
  </p>
  <p>
    transcript: Hello
  </p>
  <p>
    isSpeechFinal: false
  </p>
  <p>
    isBrowserSupported: true
  </p>
</div>
`;
