// Jest Snapshot v1, https://goo.gl/fbAQLP

exports[`ClearRefinements renders markup without state 1`] = `
<ng-component
  testedWidget={[Function NgAisClearRefinements]}
>
  
        <ng-ais-instantsearch>
    
          
    <ng-ais-clear-refinements>
      
      
      
      <div
        class="ais-ClearRefinements"
      >
        
        
        <button
          class="ais-ClearRefinements-button ais-ClearRefinements-button--disabled"
          disabled=""
        >
          
          Clear refinements
        
        </button>
        
      
      </div>
      
    
    </ng-ais-clear-refinements>
    
        
  </ng-ais-instantsearch>
      
</ng-component>
`;
